<तेज,> <भूरी> <लोमडी> <आलसी> <कुत्ते> <के> <उपर> <कूद> <गई>
